From T: foo
From T: foo was true
From T: foo
From T: foo was true
